# Company:       The Bradley Department of Electrical and Computer Engineering
#                Virginia Tech VLSI for Telecommunications Laboratory (VTVT Lab)
#
# Author:        Jeannette Donan Djigbenou <jddjig01@vt.edu> 
#
# Creation Date: Thursday, November 1, 2007
#
# Description: VTVT Layer Map for converting dfII <--> GDSII format
# Used for creating the "labelless" lib (without TEXT label - cap_id only)
# Some nonexistent layer numbers are added for labeling purposes
#
# History:
#   11/1/2007: (jddjig01) Original File generated
#
#
# Real (MOSIS-Defined) Layers
# Cadence layer     Cadence layer purpose       GDSII layer
# -------------     ---------------------       -----------
nwell               drawing                     42  0
active              drawing                     43  0
nactive             drawing                     103 0
pactive             drawing                     113 0
tactive             drawing                     60  0
poly                drawing                     46  0
sblock              drawing                     29  0
nselect             drawing                     45  0
pselect             drawing                     44  0
cc                  drawing                     25  0
cc                  drawing                     47  0
cc                  drawing                     48  0
metal1              drawing                     49  0
via                 drawing                     50  0
metal2              drawing                     51  0
via2                drawing                     61  0
metal3              drawing                     62  0
via3                drawing                     30  0
metal4              drawing                     31  0
via4                drawing                     32  0
metal5              drawing                     33  0
metalcap            drawing                     35  0
via5                drawing                     36  0
metal6              drawing                     37  0

glass               drawing                     52  0
pad                 drawing                     26  0
#
# Delete if submitting layout to MOSIS for fabrication
# Cadence layer     Cadence layer purpose       GDSII layer
# -------------     ---------------------       -----------
cap_id              drawing                     126 0
cap_id              drawing                     125 0
cap_id              drawing                     124 0
nodrc               drawing                     123 0
